
Allocating common symbols
Common symbol       size              file

gCrtCol             0x1               hello.o

Memory Configuration

Name             Origin             Length             Attributes
FLASH            0x000000000c000000 0x0000000000020000 xr
RAM              0x000000000c020000 0x0000000001fe0000 xrw
*default*        0x0000000000000000 0xffffffffffffffff

Linker script and memory map


.text           0x000000000c000000      0x240
                0x000000000c000000                . = ALIGN (0x4)
 *(.text)
 .text          0x000000000c000000       0x9c start.o
                0x000000000c000098                irq_handler
 .text          0x000000000c00009c      0x190 hello.o
                0x000000000c00009c                term_clear
                0x000000000c0000f0                SetVramPtr
                0x000000000c000128                term_putchar
                0x000000000c0001b4                term_print
                0x000000000c0001f0                main
 *(.text*)
 *(.rodata)
 *(.rodata*)
 .rodata.str1.4
                0x000000000c00022c       0x14 hello.o
                                         0x13 (size before relaxing)
 *(.srodata)
 *(.srodata*)
 *(.eh_frame)
                0x000000000c000240                . = ALIGN (0x4)
                0x000000000c000240                _etext = .
                0x000000000c000240                _sidata = _etext

.rela.dyn       0x000000000c000240        0x0
 .rela.text     0x000000000c000240        0x0 start.o

.data           0x000000000c020000        0x8 load address 0x000000000c000240
                0x000000000c020000                . = ALIGN (0x4)
                0x000000000c020000                _sdata = .
                0x000000000c020000                _ram_start = .
                0x000000000c020000                . = ALIGN (0x4)
 *(.data)
 .data          0x000000000c020000        0x0 start.o
 .data          0x000000000c020000        0x0 hello.o
 *(.data*)
 *(.sdata)
 .sdata         0x000000000c020000        0x5 hello.o
                0x000000000c020000                gVram
                0x000000000c020004                gCrtRow
 *(.sdata*)
                0x000000000c020008                . = ALIGN (0x4)
 *fill*         0x000000000c020005        0x3 
                0x000000000c020008                _edata = .

.bss            0x000000000c020008        0x4 load address 0x000000000c000248
                0x000000000c020008                . = ALIGN (0x4)
                0x000000000c020008                _sbss = .
 *(.bss)
 .bss           0x000000000c020008        0x0 start.o
 .bss           0x000000000c020008        0x0 hello.o
 *(.bss*)
 *(.sbss)
 *(.sbss*)
 *(COMMON)
 COMMON         0x000000000c020008        0x1 hello.o
                0x000000000c020008                gCrtCol
                0x000000000c02000c                . = ALIGN (0x4)
 *fill*         0x000000000c020009        0x3 
                0x000000000c02000c                _ebss = .

.heap           0x000000000c02000c        0x0
                0x000000000c02000c                . = ALIGN (0x4)
                0x000000000c02000c                _heap_start = .
LOAD start.o
LOAD hello.o
LOAD /opt/riscv32i/lib/gcc/riscv32-unknown-elf/8.2.0/libgcc.a
OUTPUT(hello.elf elf32-littleriscv)

.comment        0x0000000000000000       0x11
 .comment       0x0000000000000000       0x11 hello.o
                                         0x12 (size before relaxing)
